#membatalkan perintah git add
git restore --staged <filename_with_complete_path>

#membuat branch baru
git branch <nama-branch>

#menghapus branch locally
git branch -D <nama-branch> (tidak sedang berada di branch yang akan dihapus)

#menghapus branch remote
git push origin --delete <nama-branch>

#menampilkan semua branch yang ada di lokal
git branch

#menampilkan semua branch yang ada di remote
git branch -r

#menampilkan semua branch yang ada di lokal dan remote
git branch -a

#mengubah / mengganti nama branch
git branch -m <old_branch_name> <new_branch_name>

#sebelum push, pull dulu dari development
PS D:\agus-priyatin\mandala-new\collection-microservice> git status
On branch aguspriyatin/task/1159
nothing to commit, working tree clean
PS D:\agus-priyatin\mandala-new\collection-microservice> git pull origin development
remote: Enumerating objects: 119, done.
remote: Counting objects: 100% (111/111), done.
remote: Compressing objects: 100% (48/48), done.
remote: Total 85 (delta 35), reused 57 (delta 14), pack-reused 0
Unpacking objects: 100% (85/85), 8.35 KiB | 32.00 KiB/s, done.
From https://repo.mantis.id/digital/collection-microservice
 * branch              development -> FETCH_HEAD
   0e08315e..0b547ecf  development -> origin/development
hint: You have divergent branches and need to specify how to reconcile them.
hint: You can do so by running one of the following commands sometime before
hint: your next pull:
hint:   git config pull.ff only       # fast-forward only
hint:
hint: You can replace "git config" with "git config --global" to set a default
hint: preference for all repositories. You can also pass --rebase, --no-rebase,
hint: or --ff-only on the command line to override the configured default per
hint: invocation.
fatal: Need to specify how to reconcile divergent branches.

git config pull.rebase false --global 

PS D:\agus-priyatin\mandala-new\collection-microservice> git status
On branch aguspriyatin/task/1159
nothing to commit, working tree clean
PS D:\agus-priyatin\mandala-new\collection-microservice> git checkout development
Switched to branch 'development'
Your branch is behind 'origin/development' by 11 commits, and can be fast-forwarded.
  (use "git pull" to update your local branch)
PS D:\agus-priyatin\mandala-new\collection-microservice> git pull
remote: Enumerating objects: 635, done.
remote: Counting objects: 100% (277/277), done.
remote: Compressing objects: 100% (54/54), done.
remote: Total 635 (delta 230), reused 206 (delta 206), pack-reused 358
Receiving objects: 100% (635/635), 203.34 KiB | 1.42 MiB/s, done.
Resolving deltas: 100% (278/278), completed with 47 local objects.
From https://repo.mantis.id/digital/collection-microservice
 * [new branch]        agan/features/closing-lpk -> origin/agan/features/closing-lpk
 * [new branch]        danang/add-column-active-survey_collection_collector_analysis -> origin/danang/add-column-active-survey_collection_collector_analysis
 * [new branch]        danang/fixing-process-final-collect-review -> origin/danang/fixing-process-final-collect-review
 * [new branch]        danang/fixing-sync      -> origin/danang/fixing-sync
 * [new branch]        danang/portfolio-consumer -> origin/danang/portfolio-consumer
 * [new branch]        danang/portfolio-detail -> origin/danang/portfolio-detail
 * [new branch]        danang/portofolio-entity -> origin/danang/portofolio-entity
   af82ae3d..0ed5ea94  master                  -> origin/master
   f583612a..153ee1ac  release                 -> origin/release
 * [new branch]        release-coll            -> origin/release-coll
Updating 0e08315e..0b547ecf
Fast-forward
 .../collection/model/PortfolioDetail.java          |  3 +++
 .../collection/service/CollectionService.java      |  4 ++--
 .../collection/service/PortfolioService.java       |  7 ++++++-
 .../collection/worker/PortfolioWorker.java         |  2 +-
 .../V1.0.13__Takeout_detail_from_assignment.sql    | 12 +++++++++++
 .../db/migration/V1.0.14__add-flag-ispaid.sql      |  1 +
 8 files changed, 48 insertions(+), 6 deletions(-)
 create mode 100644 src/main/java/com/rumahbangsa/collection/model/PortfolioAssignmentDetail.java
 create mode 100644 src/main/resources/db/migration/V1.0.13__Takeout_detail_from_assignment.sql
 create mode 100644 src/main/resources/db/migration/V1.0.14__add-flag-ispaid.sql
PS D:\agus-priyatin\mandala-new\collection-microservice> git branch                     
  aguspriyatin/fiture/email-notification-aging
  aguspriyatin/issue/707
  aguspriyatin/task/1043
  aguspriyatin/task/1059
  aguspriyatin/task/1103
  aguspriyatin/task/1159
  aguspriyatin/task/1159_old
* development
  master
  tryfirst
PS D:\agus-priyatin\mandala-new\collection-microservice> git checkout aguspriyatin/task/1159
PS D:\agus-priyatin\mandala-new\collection-microservice> git branch -a
  aguspriyatin/fiture/email-notification-aging
  aguspriyatin/issue/707
  aguspriyatin/task/1043
  aguspriyatin/task/1059
  aguspriyatin/task/1103
* aguspriyatin/task/1159
  aguspriyatin/task/1159_old
  development
  master
  tryfirst
  remotes/origin/15-move-process-insert-into-table-collection-analysis-data-avoid-duplicate-data
  remotes/origin/HEAD -> origin/master
  remotes/origin/agan/bugfix/submit-collection-sheet
  remotes/origin/agan/feature/generate-report
  remotes/origin/agan/feature/implement-customer-visit
  remotes/origin/agan/features/closing-lpk
  remotes/origin/agan/features/consumer-intro
  remotes/origin/agan/features/nba
  remotes/origin/agan/features/pengkinian-data
PS D:\agus-priyatin\mandala-new\collection-microservice> git pull origin development
From https://repo.mantis.id/digital/collection-microservice
 * branch              development -> FETCH_HEAD
Auto-merging src/main/java/com/rumahbangsa/collection/model/PortfolioDetail.java
Auto-merging src/main/java/com/rumahbangsa/collection/service/PortfolioService.java
CONFLICT (content): Merge conflict in src/main/java/com/rumahbangsa/collection/service/PortfolioService.java
Automatic merge failed; fix conflicts and then commit the result.
PS D:\agus-priyatin\mandala-new\collection-microservice> git branch -a
  aguspriyatin/fiture/email-notification-aging
  aguspriyatin/issue/707
  aguspriyatin/task/1043
  aguspriyatin/task/1059
  aguspriyatin/task/1059
  aguspriyatin/task/1103
* aguspriyatin/task/1159
  aguspriyatin/task/1159_old
  development
  remotes/origin/agan/features/pengkinian-data
PS D:\agus-priyatin\mandala-new\collection-microservice> git pull origin development
error: Pulling is not possible because you have unmerged files.
hint: Fix them up in the work tree, and then use 'git add/rm <file>'
hint: as appropriate to mark resolution and make a commit.
fatal: Exiting because of an unresolved conflict.
PS D:\agus-priyatin\mandala-new\collection-microservice> git status
On branch aguspriyatin/task/1159
You have unmerged paths.
  (fix conflicts and run "git commit")
  (use "git merge --abort" to abort the merge)

Changes to be committed:
        modified:   src/main/java/com/rumahbangsa/collection/model/PortfolioAssignment.java
        new file:   src/main/java/com/rumahbangsa/collection/model/PortfolioAssignmentDetail.java
        modified:   src/main/java/com/rumahbangsa/collection/model/PortfolioDetail.java
        modified:   src/main/java/com/rumahbangsa/collection/service/CollectionService.java
        modified:   src/main/java/com/rumahbangsa/collection/worker/PortfolioWorker.java
        new file:   src/main/resources/db/migration/V1.0.13__Takeout_detail_from_assignment.sql
        new file:   src/main/resources/db/migration/V1.0.14__add-flag-ispaid.sql

Unmerged paths:
  (use "git add <file>..." to mark resolution)
        both modified:   src/main/java/com/rumahbangsa/collection/service/PortfolioService.java

PS D:\agus-priyatin\mandala-new\collection-microservice> git add .
PS D:\agus-priyatin\mandala-new\collection-microservice> git status                 
On branch aguspriyatin/task/1159
All conflicts fixed but you are still merging.
  (use "git commit" to conclude merge)

Changes to be committed:
        modified:   src/main/java/com/rumahbangsa/collection/model/PortfolioAssignment.java
        new file:   src/main/java/com/rumahbangsa/collection/model/PortfolioAssignmentDetail.java
        modified:   src/main/java/com/rumahbangsa/collection/model/PortfolioDetail.java
        modified:   src/main/java/com/rumahbangsa/collection/service/CollectionService.java
        modified:   src/main/java/com/rumahbangsa/collection/service/PortfolioService.java
        modified:   src/main/java/com/rumahbangsa/collection/worker/PortfolioWorker.java
        new file:   src/main/resources/db/migration/V1.0.13__Takeout_detail_from_assignment.sql
        new file:   src/main/resources/db/migration/V1.0.14__add-flag-ispaid.sql

PS D:\agus-priyatin\mandala-new\collection-microservice> git pull origin development
error: You have not concluded your merge (MERGE_HEAD exists).
hint: Please, commit your changes before merging.
fatal: Exiting because of unfinished merge.
PS D:\agus-priyatin\mandala-new\collection-microservice> git commit -m "fixing conflict"
[aguspriyatin/task/1159 e26e621e] fixing conflict
PS D:\agus-priyatin\mandala-new\collection-microservice> git status
On branch aguspriyatin/task/1159
nothing to commit, working tree clean
Counting objects: 100% (34/34), done.
Delta compression using up to 8 threads
Compressing objects: 100% (9/9), done.
Writing objects: 100% (12/12), 1.07 KiB | 1.07 MiB/s, done.
Total 12 (delta 6), reused 0 (delta 0), pack-reused 0
remote:
remote: View merge request for aguspriyatin/task/1159:
remote:   https://repo.mantis.id/digital/collection-microservice/-/merge_requests/920
remote:
To https://repo.mantis.id/digital/collection-microservice.git
   2621abef..e26e621e  aguspriyatin/task/1159 -> aguspriyatin/task/1159
PS D:\agus-priyatin\mandala-new\collection-microservice>

#membatalkan commit terakhir tetapi belum dipush ke remote (masih di staging area), sehingga akan dikembalikan ke local
git reset HEAD~

